// Jest Snapshot v1, https://goo.gl/fbAQLP

exports[`renders correctly 1`] = `
<View
  style={
    Object {
      "alignItems": "center",
      "backgroundColor": "#fff",
      "flex": 1,
      "justifyContent": "center",
    }
  }
>
  <View
    style={
      Object {
        "flex": 0.5,
        "justifyContent": "center",
        "paddingBottom": 80,
      }
    }
  >
    <Image
      source={1}
      style={
        Object {
          "height": 300,
          "marginTop": 100,
          "width": 400,
        }
      }
    />
  </View>
  <View
    style={
      Object {
        "backgroundColor": "#f5f5f5",
        "borderRadius": 10,
        "elevation": 14,
        "flex": 0.3,
        "marginBottom": 60,
        "shadowColor": "#000",
        "shadowOffset": Object {
          "height": 7,
          "width": 0,
        },
        "shadowOpacity": 0.41,
        "shadowRadius": 9.11,
        "width": "90%",
      }
    }
  >
    <Text
      style={
        Object {
          "color": "#303030",
          "fontSize": 30,
          "fontWeight": "bold",
          "margin": 10,
        }
      }
    >
      Vamos a demostrar un flujo de CI/CD con Circle-CI:
    </Text>
    <View
      accessible={true}
      focusable={true}
      onClick={[Function]}
      onResponderGrant={[Function]}
      onResponderMove={[Function]}
      onResponderRelease={[Function]}
      onResponderTerminate={[Function]}
      onResponderTerminationRequest={[Function]}
      onStartShouldSetResponder={[Function]}
      style={
        Object {
          "alignItems": "center",
          "backgroundColor": "white",
          "borderColor": "#bdbdbd",
          "borderRadius": 20,
          "borderWidth": 2,
          "height": 40,
          "justifyContent": "center",
          "marginLeft": 30,
          "marginRight": 30,
          "marginTop": 30,
          "opacity": 1,
          "shadowColor": "#000",
          "shadowOffset": Object {
            "height": 6,
            "width": 0,
          },
          "shadowOpacity": 0.37,
          "shadowRadius": 3.49,
        }
      }
    >
      <Text
        style={Object {}}
      >
        Press me!
      </Text>
    </View>
  </View>
</View>
`;
